version https://git-lfs.github.com/spec/v1
oid sha256:6685e4cc136ae7142d48c6229df6355afab2458090db28f827324e52cd682ad3
size 14210560
